// Jest Snapshot v1, https://goo.gl/fbAQLP

exports[`<Login /> component tests render unchanged from previous snapshot 1`] = `
<Provider
  store={
    Object {
      "clearActions": [Function],
      "dispatch": [Function],
      "getActions": [Function],
      "getState": [Function],
      "replaceReducer": [Function],
      "subscribe": [Function],
    }
  }
>
  <ConnectFunction>
    <LogIn
      dispatch={[Function]}
      login={true}
      register={true}
      setError={[Function]}
    >
      <Grid
        style={
          Object {
            "height": "80vh",
          }
        }
        textAlign="center"
        verticalAlign="middle"
      >
        <div
          className="ui center aligned middle aligned grid"
          style={
            Object {
              "height": "80vh",
            }
          }
        >
          <GridColumn
            style={
              Object {
                "maxWidth": 600,
              }
            }
          >
            <div
              className="column"
              style={
                Object {
                  "maxWidth": 600,
                }
              }
            >
              <Header
                as="h1"
                color="orange"
                textAlign="center"
              >
                <h1
                  className="ui orange center aligned header"
                >
                  <Image
                    as="img"
                    src="/favicon.png"
                    ui={true}
                  >
                    <img
                      className="ui image"
                      src="/favicon.png"
                    />
                  </Image>
                   Log-in to your account
                </h1>
              </Header>
              <Form
                as="form"
                size="huge"
              >
                <form
                  className="ui huge form"
                  onSubmit={[Function]}
                >
                  <Segment
                    stacked={true}
                  >
                    <div
                      className="ui stacked segment"
                    >
                      <FormInput
                        as={[Function]}
                        control={[Function]}
                        fluid={true}
                        icon="user"
                        iconPosition="left"
                        name="username"
                        onChange={[Function]}
                        placeholder="E-mail address"
                        type="email"
                        value=""
                      >
                        <FormField
                          control={[Function]}
                          fluid={true}
                          icon="user"
                          iconPosition="left"
                          name="username"
                          onChange={[Function]}
                          placeholder="E-mail address"
                          type="email"
                          value=""
                        >
                          <div
                            className="field"
                          >
                            <Input
                              fluid={true}
                              icon="user"
                              iconPosition="left"
                              name="username"
                              onChange={[Function]}
                              placeholder="E-mail address"
                              type="email"
                              value=""
                            >
                              <div
                                className="ui fluid left icon input"
                              >
                                <input
                                  name="username"
                                  onChange={[Function]}
                                  placeholder="E-mail address"
                                  type="email"
                                  value=""
                                />
                                <Icon
                                  as="i"
                                  name="user"
                                >
                                  <i
                                    aria-hidden="true"
                                    className="user icon"
                                    onClick={[Function]}
                                  />
                                </Icon>
                              </div>
                            </Input>
                          </div>
                        </FormField>
                      </FormInput>
                      <FormInput
                        as={[Function]}
                        control={[Function]}
                        fluid={true}
                        icon="lock"
                        iconPosition="left"
                        name="password"
                        onChange={[Function]}
                        placeholder="Password"
                        type="password"
                        value=""
                      >
                        <FormField
                          control={[Function]}
                          fluid={true}
                          icon="lock"
                          iconPosition="left"
                          name="password"
                          onChange={[Function]}
                          placeholder="Password"
                          type="password"
                          value=""
                        >
                          <div
                            className="field"
                          >
                            <Input
                              fluid={true}
                              icon="lock"
                              iconPosition="left"
                              name="password"
                              onChange={[Function]}
                              placeholder="Password"
                              type="password"
                              value=""
                            >
                              <div
                                className="ui fluid left icon input"
                              >
                                <input
                                  name="password"
                                  onChange={[Function]}
                                  placeholder="Password"
                                  type="password"
                                  value=""
                                />
                                <Icon
                                  as="i"
                                  name="lock"
                                >
                                  <i
                                    aria-hidden="true"
                                    className="lock icon"
                                    onClick={[Function]}
                                  />
                                </Icon>
                              </div>
                            </Input>
                          </div>
                        </FormField>
                      </FormInput>
                      <Button
                        as="button"
                        color="orange"
                        disabled={true}
                        fluid={true}
                        onClick={[Function]}
                        size="large"
                      >
                        <Ref
                          innerRef={
                            Object {
                              "current": <button
                                class="ui orange large fluid disabled button"
                                disabled=""
                                tabindex="-1"
                              >
                                Login
                              </button>,
                            }
                          }
                        >
                          <RefFindNode
                            innerRef={
                              Object {
                                "current": <button
                                  class="ui orange large fluid disabled button"
                                  disabled=""
                                  tabindex="-1"
                                >
                                  Login
                                </button>,
                              }
                            }
                          >
                            <button
                              className="ui orange large fluid disabled button"
                              disabled={true}
                              onClick={[Function]}
                              tabIndex={-1}
                            >
                              Login
                            </button>
                          </RefFindNode>
                        </Ref>
                      </Button>
                    </div>
                  </Segment>
                </form>
              </Form>
              <Message>
                <div
                  className="ui message"
                >
                  New to us? 
                  <a
                    href="/register"
                  >
                    Register
                  </a>
                </div>
              </Message>
            </div>
          </GridColumn>
        </div>
      </Grid>
      <footer>
        <div>
          <Responsive
            getWidth={[Function]}
            maxWidth={2559}
            minWidth={320}
          >
            <div>
              <Segment
                fixed="bottom"
                inverted={true}
                style={
                  Object {
                    "padding": "3em 0em",
                    "width": "100%",
                  }
                }
                vertical={true}
              >
                <div
                  className="ui inverted vertical segment"
                  fixed="bottom"
                  style={
                    Object {
                      "padding": "3em 0em",
                      "width": "100%",
                    }
                  }
                >
                  <Grid>
                    <div
                      className="ui grid"
                    >
                      <GridRow>
                        <div
                          className="row"
                        >
                          <GridColumn
                            width={2}
                          >
                            <div
                              className="two wide column"
                            >
                              <Image
                                as="img"
                                size="large"
                                src="/favicon.png"
                                ui={true}
                              >
                                <img
                                  className="ui large image"
                                  src="/favicon.png"
                                />
                              </Image>
                            </div>
                          </GridColumn>
                          <GridColumn
                            width={8}
                          >
                            <div
                              className="eight wide column"
                            >
                              <Header
                                as="h4"
                                content="About"
                                inverted={true}
                              >
                                <h4
                                  className="ui inverted header"
                                >
                                  About
                                </h4>
                              </Header>
                              <List
                                inverted={true}
                                link={true}
                              >
                                <div
                                  className="ui inverted link list"
                                  role="list"
                                >
                                  <ListItem>
                                    <div
                                      className="item"
                                      onClick={[Function]}
                                      role="listitem"
                                    >
                                      Office: 12 Morgan St, New Market
                                    </div>
                                  </ListItem>
                                  <ListItem>
                                    <div
                                      className="item"
                                      onClick={[Function]}
                                      role="listitem"
                                    >
                                      Phone Us @ 021 123456
                                    </div>
                                  </ListItem>
                                  <ListItem>
                                    <div
                                      className="item"
                                      onClick={[Function]}
                                      role="listitem"
                                    >
                                      Email us @ FlatWarming@gmail.com
                                    </div>
                                  </ListItem>
                                </div>
                              </List>
                            </div>
                          </GridColumn>
                          <GridColumn
                            width={2}
                          >
                            <div
                              className="two wide column"
                            >
                              <Icon
                                as="i"
                                name="facebook"
                                style={
                                  Object {
                                    "marginLeft": "0.5em",
                                    "paddingTop": "1em",
                                  }
                                }
                              >
                                <i
                                  aria-hidden="true"
                                  className="facebook icon"
                                  onClick={[Function]}
                                  style={
                                    Object {
                                      "marginLeft": "0.5em",
                                      "paddingTop": "1em",
                                    }
                                  }
                                />
                              </Icon>
                              <Icon
                                as="i"
                                name="twitter square"
                                style={
                                  Object {
                                    "marginLeft": "0.5em",
                                    "paddingTop": "1em",
                                  }
                                }
                              >
                                <i
                                  aria-hidden="true"
                                  className="twitter square icon"
                                  onClick={[Function]}
                                  style={
                                    Object {
                                      "marginLeft": "0.5em",
                                      "paddingTop": "1em",
                                    }
                                  }
                                />
                              </Icon>
                              <Icon
                                as="i"
                                name="mail"
                                style={
                                  Object {
                                    "marginLeft": "0.5em",
                                    "paddingTop": "1em",
                                  }
                                }
                              >
                                <i
                                  aria-hidden="true"
                                  className="mail icon"
                                  onClick={[Function]}
                                  style={
                                    Object {
                                      "marginLeft": "0.5em",
                                      "paddingTop": "1em",
                                    }
                                  }
                                />
                              </Icon>
                              <Icon
                                as="i"
                                name="instagram"
                                style={
                                  Object {
                                    "marginLeft": "0.5em",
                                    "paddingTop": "1em",
                                  }
                                }
                              >
                                <i
                                  aria-hidden="true"
                                  className="instagram icon"
                                  onClick={[Function]}
                                  style={
                                    Object {
                                      "marginLeft": "0.5em",
                                      "paddingTop": "1em",
                                    }
                                  }
                                />
                              </Icon>
                            </div>
                          </GridColumn>
                        </div>
                      </GridRow>
                    </div>
                  </Grid>
                </div>
              </Segment>
            </div>
          </Responsive>
        </div>
      </footer>
    </LogIn>
  </ConnectFunction>
</Provider>
`;
